  Determining projects to restore...
C:\Users\emina\Desktop\flexf\flex\FlexFit\FlexFit.csproj : warning NU1603: FlexFit depends on Microsoft.EntityFrameworkCore (>= 8.0.9) but Microsoft.EntityFrameworkCore 8.0.9 was not found. Microsoft.EntityFrameworkCore 8.0.10 was resolved instead. [C:\Users\emina\Desktop\flexf\flex\FlexFit\FlexFit.sln]
C:\Users\emina\Desktop\flexf\flex\FlexFit\FlexFit.csproj : warning NU1603: FlexFit depends on Microsoft.EntityFrameworkCore.Design (>= 8.0.9) but Microsoft.EntityFrameworkCore.Design 8.0.9 was not found. Microsoft.EntityFrameworkCore.Design 8.0.10 was resolved instead. [C:\Users\emina\Desktop\flexf\flex\FlexFit\FlexFit.sln]
  All projects are up-to-date for restore.
C:\Users\emina\Desktop\flexf\flex\FlexFit\FlexFit.csproj : warning NU1603: FlexFit depends on Microsoft.EntityFrameworkCore (>= 8.0.9) but Microsoft.EntityFrameworkCore 8.0.9 was not found. Microsoft.EntityFrameworkCore 8.0.10 was resolved instead.
C:\Users\emina\Desktop\flexf\flex\FlexFit\FlexFit.csproj : warning NU1603: FlexFit depends on Microsoft.EntityFrameworkCore.Design (>= 8.0.9) but Microsoft.EntityFrameworkCore.Design 8.0.9 was not found. Microsoft.EntityFrameworkCore.Design 8.0.10 was resolved instead.
C:\Users\emina\Desktop\flexf\flex\FlexFit\Infrastructure\Migrations\20260314103816_init.cs(10,26): warning CS8981: The type name 'init' only contains lower-cased ascii characters. Such names may become reserved for the language. [C:\Users\emina\Desktop\flexf\flex\FlexFit\FlexFit.csproj]
C:\Users\emina\Desktop\flexf\flex\FlexFit\Infrastructure\Migrations\20260314103816_init.Designer.cs(16,19): warning CS8981: The type name 'init' only contains lower-cased ascii characters. Such names may become reserved for the language. [C:\Users\emina\Desktop\flexf\flex\FlexFit\FlexFit.csproj]
C:\Users\emina\Desktop\flexf\flex\FlexFit\Infrastructure\Migrations\20260316182337_update.cs(8,26): warning CS8981: The type name 'update' only contains lower-cased ascii characters. Such names may become reserved for the language. [C:\Users\emina\Desktop\flexf\flex\FlexFit\FlexFit.csproj]
C:\Users\emina\Desktop\flexf\flex\FlexFit\Infrastructure\Migrations\20260316182337_update.Designer.cs(16,19): warning CS8981: The type name 'update' only contains lower-cased ascii characters. Such names may become reserved for the language. [C:\Users\emina\Desktop\flexf\flex\FlexFit\FlexFit.csproj]
C:\Users\emina\Desktop\flexf\flex\FlexFit\Infrastructure\Migrations\20260316182853_up.cs(9,26): warning CS8981: The type name 'up' only contains lower-cased ascii characters. Such names may become reserved for the language. [C:\Users\emina\Desktop\flexf\flex\FlexFit\FlexFit.csproj]
C:\Users\emina\Desktop\flexf\flex\FlexFit\Infrastructure\Migrations\20260316182853_up.Designer.cs(16,19): warning CS8981: The type name 'up' only contains lower-cased ascii characters. Such names may become reserved for the language. [C:\Users\emina\Desktop\flexf\flex\FlexFit\FlexFit.csproj]
C:\Users\emina\Desktop\flexf\flex\FlexFit\Infrastructure\Migrations\20260317132743_cards.cs(8,26): warning CS8981: The type name 'cards' only contains lower-cased ascii characters. Such names may become reserved for the language. [C:\Users\emina\Desktop\flexf\flex\FlexFit\FlexFit.csproj]
C:\Users\emina\Desktop\flexf\flex\FlexFit\Infrastructure\Migrations\20260317132743_cards.Designer.cs(16,19): warning CS8981: The type name 'cards' only contains lower-cased ascii characters. Such names may become reserved for the language. [C:\Users\emina\Desktop\flexf\flex\FlexFit\FlexFit.csproj]
C:\Users\emina\Desktop\flexf\flex\FlexFit\Infrastructure\Migrations\20260318134805_pp.cs(9,26): warning CS8981: The type name 'pp' only contains lower-cased ascii characters. Such names may become reserved for the language. [C:\Users\emina\Desktop\flexf\flex\FlexFit\FlexFit.csproj]
C:\Users\emina\Desktop\flexf\flex\FlexFit\Infrastructure\Migrations\20260318134805_pp.Designer.cs(16,19): warning CS8981: The type name 'pp' only contains lower-cased ascii characters. Such names may become reserved for the language. [C:\Users\emina\Desktop\flexf\flex\FlexFit\FlexFit.csproj]
C:\Users\emina\Desktop\flexf\flex\FlexFit\Infrastructure\Migrations\20260323154439_upda.cs(10,26): warning CS8981: The type name 'upda' only contains lower-cased ascii characters. Such names may become reserved for the language. [C:\Users\emina\Desktop\flexf\flex\FlexFit\FlexFit.csproj]
C:\Users\emina\Desktop\flexf\flex\FlexFit\Infrastructure\Migrations\20260323154439_upda.Designer.cs(16,19): warning CS8981: The type name 'upda' only contains lower-cased ascii characters. Such names may become reserved for the language. [C:\Users\emina\Desktop\flexf\flex\FlexFit\FlexFit.csproj]
C:\Users\emina\Desktop\flexf\flex\FlexFit\Infrastructure\Migrations\20260323203818_paid.cs(8,26): warning CS8981: The type name 'paid' only contains lower-cased ascii characters. Such names may become reserved for the language. [C:\Users\emina\Desktop\flexf\flex\FlexFit\FlexFit.csproj]
C:\Users\emina\Desktop\flexf\flex\FlexFit\Infrastructure\Migrations\20260323203818_paid.Designer.cs(16,19): warning CS8981: The type name 'paid' only contains lower-cased ascii characters. Such names may become reserved for the language. [C:\Users\emina\Desktop\flexf\flex\FlexFit\FlexFit.csproj]
C:\Users\emina\Desktop\flexf\flex\FlexFit\Infrastructure\Migrations\20260324104932_user.cs(9,26): warning CS8981: The type name 'user' only contains lower-cased ascii characters. Such names may become reserved for the language. [C:\Users\emina\Desktop\flexf\flex\FlexFit\FlexFit.csproj]
C:\Users\emina\Desktop\flexf\flex\FlexFit\Infrastructure\Migrations\20260324104932_user.Designer.cs(16,19): warning CS8981: The type name 'user' only contains lower-cased ascii characters. Such names may become reserved for the language. [C:\Users\emina\Desktop\flexf\flex\FlexFit\FlexFit.csproj]
C:\Users\emina\Desktop\flexf\flex\FlexFit\Domain\Models\Employee.cs(6,23): warning CS8618: Non-nullable property 'License' must contain a non-null value when exiting constructor. Consider adding the 'required' modifier or declaring the property as nullable. [C:\Users\emina\Desktop\flexf\flex\FlexFit\FlexFit.csproj]
C:\Users\emina\Desktop\flexf\flex\FlexFit\Domain\MongoModels\Models\RateLimitViolation.cs(11,23): warning CS8618: Non-nullable property 'Id' must contain a non-null value when exiting constructor. Consider adding the 'required' modifier or declaring the property as nullable. [C:\Users\emina\Desktop\flexf\flex\FlexFit\FlexFit.csproj]
C:\Users\emina\Desktop\flexf\flex\FlexFit\Domain\MongoModels\Models\RateLimitViolation.cs(13,23): warning CS8618: Non-nullable property 'IpAddress' must contain a non-null value when exiting constructor. Consider adding the 'required' modifier or declaring the property as nullable. [C:\Users\emina\Desktop\flexf\flex\FlexFit\FlexFit.csproj]
C:\Users\emina\Desktop\flexf\flex\FlexFit\Domain\MongoModels\Models\RateLimitViolation.cs(15,23): warning CS8618: Non-nullable property 'Route' must contain a non-null value when exiting constructor. Consider adding the 'required' modifier or declaring the property as nullable. [C:\Users\emina\Desktop\flexf\flex\FlexFit\FlexFit.csproj]
C:\Users\emina\Desktop\flexf\flex\FlexFit\Domain\MongoModels\Models\EntryLog.cs(15,23): warning CS8618: Non-nullable property 'CardStatus' must contain a non-null value when exiting constructor. Consider adding the 'required' modifier or declaring the property as nullable. [C:\Users\emina\Desktop\flexf\flex\FlexFit\FlexFit.csproj]
C:\Users\emina\Desktop\flexf\flex\FlexFit\Domain\MongoModels\Models\EntryLog.cs(16,23): warning CS8618: Non-nullable property 'CardType' must contain a non-null value when exiting constructor. Consider adding the 'required' modifier or declaring the property as nullable. [C:\Users\emina\Desktop\flexf\flex\FlexFit\FlexFit.csproj]
C:\Users\emina\Desktop\flexf\flex\FlexFit\Domain\Models\FitnessObject.cs(6,19): warning CS8618: Non-nullable property 'Name' must contain a non-null value when exiting constructor. Consider adding the 'required' modifier or declaring the property as nullable. [C:\Users\emina\Desktop\flexf\flex\FlexFit\FlexFit.csproj]
C:\Users\emina\Desktop\flexf\flex\FlexFit\Domain\Models\FitnessObject.cs(7,19): warning CS8618: Non-nullable property 'Address' must contain a non-null value when exiting constructor. Consider adding the 'required' modifier or declaring the property as nullable. [C:\Users\emina\Desktop\flexf\flex\FlexFit\FlexFit.csproj]
C:\Users\emina\Desktop\flexf\flex\FlexFit\Domain\Models\FitnessObject.cs(8,19): warning CS8618: Non-nullable property 'City' must contain a non-null value when exiting constructor. Consider adding the 'required' modifier or declaring the property as nullable. [C:\Users\emina\Desktop\flexf\flex\FlexFit\FlexFit.csproj]
C:\Users\emina\Desktop\flexf\flex\FlexFit\Domain\Models\FitnessObject.cs(10,19): warning CS8618: Non-nullable property 'WorkingHours' must contain a non-null value when exiting constructor. Consider adding the 'required' modifier or declaring the property as nullable. [C:\Users\emina\Desktop\flexf\flex\FlexFit\FlexFit.csproj]
C:\Users\emina\Desktop\flexf\flex\FlexFit\Domain\Models\FitnessObject.cs(11,34): warning CS8618: Non-nullable property 'Resources' must contain a non-null value when exiting constructor. Consider adding the 'required' modifier or declaring the property as nullable. [C:\Users\emina\Desktop\flexf\flex\FlexFit\FlexFit.csproj]
C:\Users\emina\Desktop\flexf\flex\FlexFit\Domain\Models\Member.cs(5,23): warning CS8618: Non-nullable property 'JMBG' must contain a non-null value when exiting constructor. Consider adding the 'required' modifier or declaring the property as nullable. [C:\Users\emina\Desktop\flexf\flex\FlexFit\FlexFit.csproj]
C:\Users\emina\Desktop\flexf\flex\FlexFit\Domain\Models\Member.cs(8,41): warning CS8618: Non-nullable property 'Reservations' must contain a non-null value when exiting constructor. Consider adding the 'required' modifier or declaring the property as nullable. [C:\Users\emina\Desktop\flexf\flex\FlexFit\FlexFit.csproj]
C:\Users\emina\Desktop\flexf\flex\FlexFit\Domain\Models\Member.cs(9,42): warning CS8618: Non-nullable property 'PenaltyPointHistory' must contain a non-null value when exiting constructor. Consider adding the 'required' modifier or declaring the property as nullable. [C:\Users\emina\Desktop\flexf\flex\FlexFit\FlexFit.csproj]
C:\Users\emina\Desktop\flexf\flex\FlexFit\Domain\Models\Member.cs(10,41): warning CS8618: Non-nullable property 'PenaltyCards' must contain a non-null value when exiting constructor. Consider adding the 'required' modifier or declaring the property as nullable. [C:\Users\emina\Desktop\flexf\flex\FlexFit\FlexFit.csproj]
C:\Users\emina\Desktop\flexf\flex\FlexFit\Domain\Models\User.cs(6,23): warning CS8618: Non-nullable property 'FirstName' must contain a non-null value when exiting constructor. Consider adding the 'required' modifier or declaring the property as nullable. [C:\Users\emina\Desktop\flexf\flex\FlexFit\FlexFit.csproj]
C:\Users\emina\Desktop\flexf\flex\FlexFit\Domain\Models\User.cs(7,23): warning CS8618: Non-nullable property 'LastName' must contain a non-null value when exiting constructor. Consider adding the 'required' modifier or declaring the property as nullable. [C:\Users\emina\Desktop\flexf\flex\FlexFit\FlexFit.csproj]
C:\Users\emina\Desktop\flexf\flex\FlexFit\Domain\Models\User.cs(8,23): warning CS8618: Non-nullable property 'Address' must contain a non-null value when exiting constructor. Consider adding the 'required' modifier or declaring the property as nullable. [C:\Users\emina\Desktop\flexf\flex\FlexFit\FlexFit.csproj]
C:\Users\emina\Desktop\flexf\flex\FlexFit\Domain\Models\User.cs(9,23): warning CS8618: Non-nullable property 'Email' must contain a non-null value when exiting constructor. Consider adding the 'required' modifier or declaring the property as nullable. [C:\Users\emina\Desktop\flexf\flex\FlexFit\FlexFit.csproj]
C:\Users\emina\Desktop\flexf\flex\FlexFit\Domain\Models\TimeSlot.cs(7,25): warning CS8618: Non-nullable property 'Resource' must contain a non-null value when exiting constructor. Consider adding the 'required' modifier or declaring the property as nullable. [C:\Users\emina\Desktop\flexf\flex\FlexFit\FlexFit.csproj]
C:\Users\emina\Desktop\flexf\flex\FlexFit\Domain\Models\MembershipCard.cs(10,23): warning CS8618: Non-nullable property 'CardNumber' must contain a non-null value when exiting constructor. Consider adding the 'required' modifier or declaring the property as nullable. [C:\Users\emina\Desktop\flexf\flex\FlexFit\FlexFit.csproj]
C:\Users\emina\Desktop\flexf\flex\FlexFit\Infrastructure\UnitOfWorkLayer\UnitOfWork.cs(18,32): error CS7036: There is no argument given that corresponds to the required parameter 'graphRepo' of 'ReservationRepository.ReservationRepository(AppDbContext, IMemberGraphRepository)' [C:\Users\emina\Desktop\flexf\flex\FlexFit\FlexFit.csproj]
C:\Users\emina\Desktop\flexf\flex\FlexFit\Domain\Models\Resource.cs(12,30): warning CS8618: Non-nullable property 'FitnessObject' must contain a non-null value when exiting constructor. Consider adding the 'required' modifier or declaring the property as nullable. [C:\Users\emina\Desktop\flexf\flex\FlexFit\FlexFit.csproj]
C:\Users\emina\Desktop\flexf\flex\FlexFit\Domain\Models\Reservation.cs(9,23): warning CS8618: Non-nullable property 'Member' must contain a non-null value when exiting constructor. Consider adding the 'required' modifier or declaring the property as nullable. [C:\Users\emina\Desktop\flexf\flex\FlexFit\FlexFit.csproj]
C:\Users\emina\Desktop\flexf\flex\FlexFit\Domain\Models\Reservation.cs(11,25): warning CS8618: Non-nullable property 'Resource' must contain a non-null value when exiting constructor. Consider adding the 'required' modifier or declaring the property as nullable. [C:\Users\emina\Desktop\flexf\flex\FlexFit\FlexFit.csproj]
C:\Users\emina\Desktop\flexf\flex\FlexFit\Domain\Models\PenaltyPoint.cs(7,23): warning CS8618: Non-nullable property 'Member' must contain a non-null value when exiting constructor. Consider adding the 'required' modifier or declaring the property as nullable. [C:\Users\emina\Desktop\flexf\flex\FlexFit\FlexFit.csproj]
C:\Users\emina\Desktop\flexf\flex\FlexFit\Domain\Models\PenaltyPoint.cs(8,23): warning CS8618: Non-nullable property 'Description' must contain a non-null value when exiting constructor. Consider adding the 'required' modifier or declaring the property as nullable. [C:\Users\emina\Desktop\flexf\flex\FlexFit\FlexFit.csproj]
C:\Users\emina\Desktop\flexf\flex\FlexFit\Application\Commands\CreatePenaltyPointCommand.cs(8,23): warning CS8618: Non-nullable property 'Description' must contain a non-null value when exiting constructor. Consider adding the 'required' modifier or declaring the property as nullable. [C:\Users\emina\Desktop\flexf\flex\FlexFit\FlexFit.csproj]
C:\Users\emina\Desktop\flexf\flex\FlexFit\Application\Commands\CreatePenaltyCardCommand.cs(11,23): warning CS8618: Non-nullable property 'Reason' must contain a non-null value when exiting constructor. Consider adding the 'required' modifier or declaring the property as nullable. [C:\Users\emina\Desktop\flexf\flex\FlexFit\FlexFit.csproj]
C:\Users\emina\Desktop\flexf\flex\FlexFit\Application\DTOs\UpdateFitnessObjectDto.cs(6,23): warning CS8618: Non-nullable property 'Name' must contain a non-null value when exiting constructor. Consider adding the 'required' modifier or declaring the property as nullable. [C:\Users\emina\Desktop\flexf\flex\FlexFit\FlexFit.csproj]
C:\Users\emina\Desktop\flexf\flex\FlexFit\Application\DTOs\UpdateFitnessObjectDto.cs(7,23): warning CS8618: Non-nullable property 'Address' must contain a non-null value when exiting constructor. Consider adding the 'required' modifier or declaring the property as nullable. [C:\Users\emina\Desktop\flexf\flex\FlexFit\FlexFit.csproj]
C:\Users\emina\Desktop\flexf\flex\FlexFit\Application\DTOs\UpdateFitnessObjectDto.cs(8,23): warning CS8618: Non-nullable property 'City' must contain a non-null value when exiting constructor. Consider adding the 'required' modifier or declaring the property as nullable. [C:\Users\emina\Desktop\flexf\flex\FlexFit\FlexFit.csproj]
C:\Users\emina\Desktop\flexf\flex\FlexFit\Application\DTOs\UpdateFitnessObjectDto.cs(10,23): warning CS8618: Non-nullable property 'WorkingHours' must contain a non-null value when exiting constructor. Consider adding the 'required' modifier or declaring the property as nullable. [C:\Users\emina\Desktop\flexf\flex\FlexFit\FlexFit.csproj]
C:\Users\emina\Desktop\flexf\flex\FlexFit\Domain\Models\PenaltyCard.cs(7,23): warning CS8618: Non-nullable property 'Member' must contain a non-null value when exiting constructor. Consider adding the 'required' modifier or declaring the property as nullable. [C:\Users\emina\Desktop\flexf\flex\FlexFit\FlexFit.csproj]
C:\Users\emina\Desktop\flexf\flex\FlexFit\Domain\Models\PenaltyCard.cs(9,30): warning CS8618: Non-nullable property 'FitnessObject' must contain a non-null value when exiting constructor. Consider adding the 'required' modifier or declaring the property as nullable. [C:\Users\emina\Desktop\flexf\flex\FlexFit\FlexFit.csproj]
C:\Users\emina\Desktop\flexf\flex\FlexFit\Domain\Models\PenaltyCard.cs(12,23): warning CS8618: Non-nullable property 'Reason' must contain a non-null value when exiting constructor. Consider adding the 'required' modifier or declaring the property as nullable. [C:\Users\emina\Desktop\flexf\flex\FlexFit\FlexFit.csproj]
C:\Users\emina\Desktop\flexf\flex\FlexFit\Application\DTOs\SellDailyTicketDto.cs(5,23): warning CS8618: Non-nullable property 'CardNumber' must contain a non-null value when exiting constructor. Consider adding the 'required' modifier or declaring the property as nullable. [C:\Users\emina\Desktop\flexf\flex\FlexFit\FlexFit.csproj]
C:\Users\emina\Desktop\flexf\flex\FlexFit\Domain\MongoModels\Models\Incident.cs(16,27): warning CS8618: Non-nullable property 'Reason' must contain a non-null value when exiting constructor. Consider adding the 'required' modifier or declaring the property as nullable. [C:\Users\emina\Desktop\flexf\flex\FlexFit\FlexFit.csproj]
C:\Users\emina\Desktop\flexf\flex\FlexFit\Infrastructure\Repositories\PenaltyPointRepository.cs(18,13): warning CS8603: Possible null reference return. [C:\Users\emina\Desktop\flexf\flex\FlexFit\FlexFit.csproj]
C:\Users\emina\Desktop\flexf\flex\FlexFit\Application\DTOs\MemberRegistrationDto.cs(5,23): warning CS8618: Non-nullable property 'FirstName' must contain a non-null value when exiting constructor. Consider adding the 'required' modifier or declaring the property as nullable. [C:\Users\emina\Desktop\flexf\flex\FlexFit\FlexFit.csproj]
C:\Users\emina\Desktop\flexf\flex\FlexFit\Application\DTOs\MemberRegistrationDto.cs(6,23): warning CS8618: Non-nullable property 'LastName' must contain a non-null value when exiting constructor. Consider adding the 'required' modifier or declaring the property as nullable. [C:\Users\emina\Desktop\flexf\flex\FlexFit\FlexFit.csproj]
C:\Users\emina\Desktop\flexf\flex\FlexFit\Application\DTOs\MemberRegistrationDto.cs(7,23): warning CS8618: Non-nullable property 'Address' must contain a non-null value when exiting constructor. Consider adding the 'required' modifier or declaring the property as nullable. [C:\Users\emina\Desktop\flexf\flex\FlexFit\FlexFit.csproj]
C:\Users\emina\Desktop\flexf\flex\FlexFit\Application\DTOs\MemberRegistrationDto.cs(8,23): warning CS8618: Non-nullable property 'Email' must contain a non-null value when exiting constructor. Consider adding the 'required' modifier or declaring the property as nullable. [C:\Users\emina\Desktop\flexf\flex\FlexFit\FlexFit.csproj]
C:\Users\emina\Desktop\flexf\flex\FlexFit\Application\DTOs\MemberRegistrationDto.cs(9,23): warning CS8618: Non-nullable property 'Password' must contain a non-null value when exiting constructor. Consider adding the 'required' modifier or declaring the property as nullable. [C:\Users\emina\Desktop\flexf\flex\FlexFit\FlexFit.csproj]
C:\Users\emina\Desktop\flexf\flex\FlexFit\Application\DTOs\MemberRegistrationDto.cs(10,23): warning CS8618: Non-nullable property 'JMBG' must contain a non-null value when exiting constructor. Consider adding the 'required' modifier or declaring the property as nullable. [C:\Users\emina\Desktop\flexf\flex\FlexFit\FlexFit.csproj]
C:\Users\emina\Desktop\flexf\flex\FlexFit\Application\DTOs\MemberRegistrationDto.cs(11,23): warning CS8618: Non-nullable property 'CardNumber' must contain a non-null value when exiting constructor. Consider adding the 'required' modifier or declaring the property as nullable. [C:\Users\emina\Desktop\flexf\flex\FlexFit\FlexFit.csproj]
C:\Users\emina\Desktop\flexf\flex\FlexFit\Application\DTOs\LogEntryDto.cs(9,23): warning CS8618: Non-nullable property 'CardNumber' must contain a non-null value when exiting constructor. Consider adding the 'required' modifier or declaring the property as nullable. [C:\Users\emina\Desktop\flexf\flex\FlexFit\FlexFit.csproj]
C:\Users\emina\Desktop\flexf\flex\FlexFit\Application\DTOs\LogEntryDto.cs(10,23): warning CS8618: Non-nullable property 'CardStatus' must contain a non-null value when exiting constructor. Consider adding the 'required' modifier or declaring the property as nullable. [C:\Users\emina\Desktop\flexf\flex\FlexFit\FlexFit.csproj]
C:\Users\emina\Desktop\flexf\flex\FlexFit\Application\DTOs\LogEntryDto.cs(11,23): warning CS8618: Non-nullable property 'CardType' must contain a non-null value when exiting constructor. Consider adding the 'required' modifier or declaring the property as nullable. [C:\Users\emina\Desktop\flexf\flex\FlexFit\FlexFit.csproj]
C:\Users\emina\Desktop\flexf\flex\FlexFit\Application\DTOs\EmployeeRegistrationDto.cs(7,23): warning CS8618: Non-nullable property 'FirstName' must contain a non-null value when exiting constructor. Consider adding the 'required' modifier or declaring the property as nullable. [C:\Users\emina\Desktop\flexf\flex\FlexFit\FlexFit.csproj]
C:\Users\emina\Desktop\flexf\flex\FlexFit\Application\DTOs\EmployeeRegistrationDto.cs(8,23): warning CS8618: Non-nullable property 'LastName' must contain a non-null value when exiting constructor. Consider adding the 'required' modifier or declaring the property as nullable. [C:\Users\emina\Desktop\flexf\flex\FlexFit\FlexFit.csproj]
C:\Users\emina\Desktop\flexf\flex\FlexFit\Application\DTOs\EmployeeRegistrationDto.cs(9,23): warning CS8618: Non-nullable property 'Address' must contain a non-null value when exiting constructor. Consider adding the 'required' modifier or declaring the property as nullable. [C:\Users\emina\Desktop\flexf\flex\FlexFit\FlexFit.csproj]
C:\Users\emina\Desktop\flexf\flex\FlexFit\Application\DTOs\EmployeeRegistrationDto.cs(10,23): warning CS8618: Non-nullable property 'Email' must contain a non-null value when exiting constructor. Consider adding the 'required' modifier or declaring the property as nullable. [C:\Users\emina\Desktop\flexf\flex\FlexFit\FlexFit.csproj]
C:\Users\emina\Desktop\flexf\flex\FlexFit\Application\DTOs\EmployeeRegistrationDto.cs(11,23): warning CS8618: Non-nullable property 'Password' must contain a non-null value when exiting constructor. Consider adding the 'required' modifier or declaring the property as nullable. [C:\Users\emina\Desktop\flexf\flex\FlexFit\FlexFit.csproj]
C:\Users\emina\Desktop\flexf\flex\FlexFit\Application\DTOs\EmployeeRegistrationDto.cs(12,23): warning CS8618: Non-nullable property 'License' must contain a non-null value when exiting constructor. Consider adding the 'required' modifier or declaring the property as nullable. [C:\Users\emina\Desktop\flexf\flex\FlexFit\FlexFit.csproj]
C:\Users\emina\Desktop\flexf\flex\FlexFit\Application\DTOs\CreateSubscriptionCardDto.cs(5,23): warning CS8618: Non-nullable property 'CardNumber' must contain a non-null value when exiting constructor. Consider adding the 'required' modifier or declaring the property as nullable. [C:\Users\emina\Desktop\flexf\flex\FlexFit\FlexFit.csproj]
C:\Users\emina\Desktop\flexf\flex\FlexFit\Application\DTOs\CreateFitnessObjectDto.cs(5,23): warning CS8618: Non-nullable property 'Name' must contain a non-null value when exiting constructor. Consider adding the 'required' modifier or declaring the property as nullable. [C:\Users\emina\Desktop\flexf\flex\FlexFit\FlexFit.csproj]
C:\Users\emina\Desktop\flexf\flex\FlexFit\Application\DTOs\CreateFitnessObjectDto.cs(6,23): warning CS8618: Non-nullable property 'Address' must contain a non-null value when exiting constructor. Consider adding the 'required' modifier or declaring the property as nullable. [C:\Users\emina\Desktop\flexf\flex\FlexFit\FlexFit.csproj]
C:\Users\emina\Desktop\flexf\flex\FlexFit\Application\DTOs\CreateFitnessObjectDto.cs(7,23): warning CS8618: Non-nullable property 'City' must contain a non-null value when exiting constructor. Consider adding the 'required' modifier or declaring the property as nullable. [C:\Users\emina\Desktop\flexf\flex\FlexFit\FlexFit.csproj]
C:\Users\emina\Desktop\flexf\flex\FlexFit\Application\DTOs\CreateFitnessObjectDto.cs(9,23): warning CS8618: Non-nullable property 'WorkingHours' must contain a non-null value when exiting constructor. Consider adding the 'required' modifier or declaring the property as nullable. [C:\Users\emina\Desktop\flexf\flex\FlexFit\FlexFit.csproj]
C:\Users\emina\Desktop\flexf\flex\FlexFit\Application\DTOs\CreateDailyCardDto.cs(5,23): warning CS8618: Non-nullable property 'CardNumber' must contain a non-null value when exiting constructor. Consider adding the 'required' modifier or declaring the property as nullable. [C:\Users\emina\Desktop\flexf\flex\FlexFit\FlexFit.csproj]
C:\Users\emina\Desktop\flexf\flex\FlexFit\Infrastructure\Repositories\EmployeeRepository.cs(18,13): warning CS8603: Possible null reference return. [C:\Users\emina\Desktop\flexf\flex\FlexFit\FlexFit.csproj]
C:\Users\emina\Desktop\flexf\flex\FlexFit\Infrastructure\Repositories\EmployeeRepository.cs(22,13): warning CS8603: Possible null reference return. [C:\Users\emina\Desktop\flexf\flex\FlexFit\FlexFit.csproj]
C:\Users\emina\Desktop\flexf\flex\FlexFit\Infrastructure\Repositories\FitnessObjectRepository.cs(18,13): warning CS8603: Possible null reference return. [C:\Users\emina\Desktop\flexf\flex\FlexFit\FlexFit.csproj]
C:\Users\emina\Desktop\flexf\flex\FlexFit\Infrastructure\Repositories\MemberRepository.cs(18,5): warning CS8603: Possible null reference return. [C:\Users\emina\Desktop\flexf\flex\FlexFit\FlexFit.csproj]
C:\Users\emina\Desktop\flexf\flex\FlexFit\Presentation\Controllers\PenaltiesController.cs(52,48): warning CS8618: Non-nullable property 'Type' must contain a non-null value when exiting constructor. Consider adding the 'required' modifier or declaring the property as nullable. [C:\Users\emina\Desktop\flexf\flex\FlexFit\FlexFit.csproj]
C:\Users\emina\Desktop\flexf\flex\FlexFit\Presentation\Controllers\PenaltiesController.cs(52,81): warning CS8618: Non-nullable property 'Reason' must contain a non-null value when exiting constructor. Consider adding the 'required' modifier or declaring the property as nullable. [C:\Users\emina\Desktop\flexf\flex\FlexFit\FlexFit.csproj]
C:\Users\emina\Desktop\flexf\flex\FlexFit\Infrastructure\Repositories\MemberRepository.cs(23,13): warning CS8603: Possible null reference return. [C:\Users\emina\Desktop\flexf\flex\FlexFit\FlexFit.csproj]
C:\Users\emina\Desktop\flexf\flex\FlexFit\Infrastructure\Repositories\MembershipCardRepository.cs(17,13): warning CS8603: Possible null reference return. [C:\Users\emina\Desktop\flexf\flex\FlexFit\FlexFit.csproj]
C:\Users\emina\Desktop\flexf\flex\FlexFit\Infrastructure\Repositories\MembershipCardRepository.cs(20,13): warning CS8603: Possible null reference return. [C:\Users\emina\Desktop\flexf\flex\FlexFit\FlexFit.csproj]
C:\Users\emina\Desktop\flexf\flex\FlexFit\Infrastructure\Repositories\PenaltyCardRepository.cs(23,13): warning CS8603: Possible null reference return. [C:\Users\emina\Desktop\flexf\flex\FlexFit\FlexFit.csproj]
C:\Users\emina\Desktop\flexf\flex\FlexFit\Infrastructure\Repositories\ResourceRepository.cs(18,13): warning CS8603: Possible null reference return. [C:\Users\emina\Desktop\flexf\flex\FlexFit\FlexFit.csproj]
C:\Users\emina\Desktop\flexf\flex\FlexFit\Infrastructure\Repositories\ReservationRepository.cs(22,13): warning CS8603: Possible null reference return. [C:\Users\emina\Desktop\flexf\flex\FlexFit\FlexFit.csproj]

Build FAILED.

C:\Users\emina\Desktop\flexf\flex\FlexFit\FlexFit.csproj : warning NU1603: FlexFit depends on Microsoft.EntityFrameworkCore (>= 8.0.9) but Microsoft.EntityFrameworkCore 8.0.9 was not found. Microsoft.EntityFrameworkCore 8.0.10 was resolved instead. [C:\Users\emina\Desktop\flexf\flex\FlexFit\FlexFit.sln]
C:\Users\emina\Desktop\flexf\flex\FlexFit\FlexFit.csproj : warning NU1603: FlexFit depends on Microsoft.EntityFrameworkCore.Design (>= 8.0.9) but Microsoft.EntityFrameworkCore.Design 8.0.9 was not found. Microsoft.EntityFrameworkCore.Design 8.0.10 was resolved instead. [C:\Users\emina\Desktop\flexf\flex\FlexFit\FlexFit.sln]
C:\Users\emina\Desktop\flexf\flex\FlexFit\FlexFit.csproj : warning NU1603: FlexFit depends on Microsoft.EntityFrameworkCore (>= 8.0.9) but Microsoft.EntityFrameworkCore 8.0.9 was not found. Microsoft.EntityFrameworkCore 8.0.10 was resolved instead.
C:\Users\emina\Desktop\flexf\flex\FlexFit\FlexFit.csproj : warning NU1603: FlexFit depends on Microsoft.EntityFrameworkCore.Design (>= 8.0.9) but Microsoft.EntityFrameworkCore.Design 8.0.9 was not found. Microsoft.EntityFrameworkCore.Design 8.0.10 was resolved instead.
C:\Users\emina\Desktop\flexf\flex\FlexFit\Infrastructure\Migrations\20260314103816_init.cs(10,26): warning CS8981: The type name 'init' only contains lower-cased ascii characters. Such names may become reserved for the language. [C:\Users\emina\Desktop\flexf\flex\FlexFit\FlexFit.csproj]
C:\Users\emina\Desktop\flexf\flex\FlexFit\Infrastructure\Migrations\20260314103816_init.Designer.cs(16,19): warning CS8981: The type name 'init' only contains lower-cased ascii characters. Such names may become reserved for the language. [C:\Users\emina\Desktop\flexf\flex\FlexFit\FlexFit.csproj]
C:\Users\emina\Desktop\flexf\flex\FlexFit\Infrastructure\Migrations\20260316182337_update.cs(8,26): warning CS8981: The type name 'update' only contains lower-cased ascii characters. Such names may become reserved for the language. [C:\Users\emina\Desktop\flexf\flex\FlexFit\FlexFit.csproj]
C:\Users\emina\Desktop\flexf\flex\FlexFit\Infrastructure\Migrations\20260316182337_update.Designer.cs(16,19): warning CS8981: The type name 'update' only contains lower-cased ascii characters. Such names may become reserved for the language. [C:\Users\emina\Desktop\flexf\flex\FlexFit\FlexFit.csproj]
C:\Users\emina\Desktop\flexf\flex\FlexFit\Infrastructure\Migrations\20260316182853_up.cs(9,26): warning CS8981: The type name 'up' only contains lower-cased ascii characters. Such names may become reserved for the language. [C:\Users\emina\Desktop\flexf\flex\FlexFit\FlexFit.csproj]
C:\Users\emina\Desktop\flexf\flex\FlexFit\Infrastructure\Migrations\20260316182853_up.Designer.cs(16,19): warning CS8981: The type name 'up' only contains lower-cased ascii characters. Such names may become reserved for the language. [C:\Users\emina\Desktop\flexf\flex\FlexFit\FlexFit.csproj]
C:\Users\emina\Desktop\flexf\flex\FlexFit\Infrastructure\Migrations\20260317132743_cards.cs(8,26): warning CS8981: The type name 'cards' only contains lower-cased ascii characters. Such names may become reserved for the language. [C:\Users\emina\Desktop\flexf\flex\FlexFit\FlexFit.csproj]
C:\Users\emina\Desktop\flexf\flex\FlexFit\Infrastructure\Migrations\20260317132743_cards.Designer.cs(16,19): warning CS8981: The type name 'cards' only contains lower-cased ascii characters. Such names may become reserved for the language. [C:\Users\emina\Desktop\flexf\flex\FlexFit\FlexFit.csproj]
C:\Users\emina\Desktop\flexf\flex\FlexFit\Infrastructure\Migrations\20260318134805_pp.cs(9,26): warning CS8981: The type name 'pp' only contains lower-cased ascii characters. Such names may become reserved for the language. [C:\Users\emina\Desktop\flexf\flex\FlexFit\FlexFit.csproj]
C:\Users\emina\Desktop\flexf\flex\FlexFit\Infrastructure\Migrations\20260318134805_pp.Designer.cs(16,19): warning CS8981: The type name 'pp' only contains lower-cased ascii characters. Such names may become reserved for the language. [C:\Users\emina\Desktop\flexf\flex\FlexFit\FlexFit.csproj]
C:\Users\emina\Desktop\flexf\flex\FlexFit\Infrastructure\Migrations\20260323154439_upda.cs(10,26): warning CS8981: The type name 'upda' only contains lower-cased ascii characters. Such names may become reserved for the language. [C:\Users\emina\Desktop\flexf\flex\FlexFit\FlexFit.csproj]
C:\Users\emina\Desktop\flexf\flex\FlexFit\Infrastructure\Migrations\20260323154439_upda.Designer.cs(16,19): warning CS8981: The type name 'upda' only contains lower-cased ascii characters. Such names may become reserved for the language. [C:\Users\emina\Desktop\flexf\flex\FlexFit\FlexFit.csproj]
C:\Users\emina\Desktop\flexf\flex\FlexFit\Infrastructure\Migrations\20260323203818_paid.cs(8,26): warning CS8981: The type name 'paid' only contains lower-cased ascii characters. Such names may become reserved for the language. [C:\Users\emina\Desktop\flexf\flex\FlexFit\FlexFit.csproj]
C:\Users\emina\Desktop\flexf\flex\FlexFit\Infrastructure\Migrations\20260323203818_paid.Designer.cs(16,19): warning CS8981: The type name 'paid' only contains lower-cased ascii characters. Such names may become reserved for the language. [C:\Users\emina\Desktop\flexf\flex\FlexFit\FlexFit.csproj]
C:\Users\emina\Desktop\flexf\flex\FlexFit\Infrastructure\Migrations\20260324104932_user.cs(9,26): warning CS8981: The type name 'user' only contains lower-cased ascii characters. Such names may become reserved for the language. [C:\Users\emina\Desktop\flexf\flex\FlexFit\FlexFit.csproj]
C:\Users\emina\Desktop\flexf\flex\FlexFit\Infrastructure\Migrations\20260324104932_user.Designer.cs(16,19): warning CS8981: The type name 'user' only contains lower-cased ascii characters. Such names may become reserved for the language. [C:\Users\emina\Desktop\flexf\flex\FlexFit\FlexFit.csproj]
C:\Users\emina\Desktop\flexf\flex\FlexFit\Domain\Models\Employee.cs(6,23): warning CS8618: Non-nullable property 'License' must contain a non-null value when exiting constructor. Consider adding the 'required' modifier or declaring the property as nullable. [C:\Users\emina\Desktop\flexf\flex\FlexFit\FlexFit.csproj]
C:\Users\emina\Desktop\flexf\flex\FlexFit\Domain\MongoModels\Models\RateLimitViolation.cs(11,23): warning CS8618: Non-nullable property 'Id' must contain a non-null value when exiting constructor. Consider adding the 'required' modifier or declaring the property as nullable. [C:\Users\emina\Desktop\flexf\flex\FlexFit\FlexFit.csproj]
C:\Users\emina\Desktop\flexf\flex\FlexFit\Domain\MongoModels\Models\RateLimitViolation.cs(13,23): warning CS8618: Non-nullable property 'IpAddress' must contain a non-null value when exiting constructor. Consider adding the 'required' modifier or declaring the property as nullable. [C:\Users\emina\Desktop\flexf\flex\FlexFit\FlexFit.csproj]
C:\Users\emina\Desktop\flexf\flex\FlexFit\Domain\MongoModels\Models\RateLimitViolation.cs(15,23): warning CS8618: Non-nullable property 'Route' must contain a non-null value when exiting constructor. Consider adding the 'required' modifier or declaring the property as nullable. [C:\Users\emina\Desktop\flexf\flex\FlexFit\FlexFit.csproj]
C:\Users\emina\Desktop\flexf\flex\FlexFit\Domain\MongoModels\Models\EntryLog.cs(15,23): warning CS8618: Non-nullable property 'CardStatus' must contain a non-null value when exiting constructor. Consider adding the 'required' modifier or declaring the property as nullable. [C:\Users\emina\Desktop\flexf\flex\FlexFit\FlexFit.csproj]
C:\Users\emina\Desktop\flexf\flex\FlexFit\Domain\MongoModels\Models\EntryLog.cs(16,23): warning CS8618: Non-nullable property 'CardType' must contain a non-null value when exiting constructor. Consider adding the 'required' modifier or declaring the property as nullable. [C:\Users\emina\Desktop\flexf\flex\FlexFit\FlexFit.csproj]
C:\Users\emina\Desktop\flexf\flex\FlexFit\Domain\Models\FitnessObject.cs(6,19): warning CS8618: Non-nullable property 'Name' must contain a non-null value when exiting constructor. Consider adding the 'required' modifier or declaring the property as nullable. [C:\Users\emina\Desktop\flexf\flex\FlexFit\FlexFit.csproj]
C:\Users\emina\Desktop\flexf\flex\FlexFit\Domain\Models\FitnessObject.cs(7,19): warning CS8618: Non-nullable property 'Address' must contain a non-null value when exiting constructor. Consider adding the 'required' modifier or declaring the property as nullable. [C:\Users\emina\Desktop\flexf\flex\FlexFit\FlexFit.csproj]
C:\Users\emina\Desktop\flexf\flex\FlexFit\Domain\Models\FitnessObject.cs(8,19): warning CS8618: Non-nullable property 'City' must contain a non-null value when exiting constructor. Consider adding the 'required' modifier or declaring the property as nullable. [C:\Users\emina\Desktop\flexf\flex\FlexFit\FlexFit.csproj]
C:\Users\emina\Desktop\flexf\flex\FlexFit\Domain\Models\FitnessObject.cs(10,19): warning CS8618: Non-nullable property 'WorkingHours' must contain a non-null value when exiting constructor. Consider adding the 'required' modifier or declaring the property as nullable. [C:\Users\emina\Desktop\flexf\flex\FlexFit\FlexFit.csproj]
C:\Users\emina\Desktop\flexf\flex\FlexFit\Domain\Models\FitnessObject.cs(11,34): warning CS8618: Non-nullable property 'Resources' must contain a non-null value when exiting constructor. Consider adding the 'required' modifier or declaring the property as nullable. [C:\Users\emina\Desktop\flexf\flex\FlexFit\FlexFit.csproj]
C:\Users\emina\Desktop\flexf\flex\FlexFit\Domain\Models\Member.cs(5,23): warning CS8618: Non-nullable property 'JMBG' must contain a non-null value when exiting constructor. Consider adding the 'required' modifier or declaring the property as nullable. [C:\Users\emina\Desktop\flexf\flex\FlexFit\FlexFit.csproj]
C:\Users\emina\Desktop\flexf\flex\FlexFit\Domain\Models\Member.cs(8,41): warning CS8618: Non-nullable property 'Reservations' must contain a non-null value when exiting constructor. Consider adding the 'required' modifier or declaring the property as nullable. [C:\Users\emina\Desktop\flexf\flex\FlexFit\FlexFit.csproj]
C:\Users\emina\Desktop\flexf\flex\FlexFit\Domain\Models\Member.cs(9,42): warning CS8618: Non-nullable property 'PenaltyPointHistory' must contain a non-null value when exiting constructor. Consider adding the 'required' modifier or declaring the property as nullable. [C:\Users\emina\Desktop\flexf\flex\FlexFit\FlexFit.csproj]
C:\Users\emina\Desktop\flexf\flex\FlexFit\Domain\Models\Member.cs(10,41): warning CS8618: Non-nullable property 'PenaltyCards' must contain a non-null value when exiting constructor. Consider adding the 'required' modifier or declaring the property as nullable. [C:\Users\emina\Desktop\flexf\flex\FlexFit\FlexFit.csproj]
C:\Users\emina\Desktop\flexf\flex\FlexFit\Domain\Models\User.cs(6,23): warning CS8618: Non-nullable property 'FirstName' must contain a non-null value when exiting constructor. Consider adding the 'required' modifier or declaring the property as nullable. [C:\Users\emina\Desktop\flexf\flex\FlexFit\FlexFit.csproj]
C:\Users\emina\Desktop\flexf\flex\FlexFit\Domain\Models\User.cs(7,23): warning CS8618: Non-nullable property 'LastName' must contain a non-null value when exiting constructor. Consider adding the 'required' modifier or declaring the property as nullable. [C:\Users\emina\Desktop\flexf\flex\FlexFit\FlexFit.csproj]
C:\Users\emina\Desktop\flexf\flex\FlexFit\Domain\Models\User.cs(8,23): warning CS8618: Non-nullable property 'Address' must contain a non-null value when exiting constructor. Consider adding the 'required' modifier or declaring the property as nullable. [C:\Users\emina\Desktop\flexf\flex\FlexFit\FlexFit.csproj]
C:\Users\emina\Desktop\flexf\flex\FlexFit\Domain\Models\User.cs(9,23): warning CS8618: Non-nullable property 'Email' must contain a non-null value when exiting constructor. Consider adding the 'required' modifier or declaring the property as nullable. [C:\Users\emina\Desktop\flexf\flex\FlexFit\FlexFit.csproj]
C:\Users\emina\Desktop\flexf\flex\FlexFit\Domain\Models\TimeSlot.cs(7,25): warning CS8618: Non-nullable property 'Resource' must contain a non-null value when exiting constructor. Consider adding the 'required' modifier or declaring the property as nullable. [C:\Users\emina\Desktop\flexf\flex\FlexFit\FlexFit.csproj]
C:\Users\emina\Desktop\flexf\flex\FlexFit\Domain\Models\MembershipCard.cs(10,23): warning CS8618: Non-nullable property 'CardNumber' must contain a non-null value when exiting constructor. Consider adding the 'required' modifier or declaring the property as nullable. [C:\Users\emina\Desktop\flexf\flex\FlexFit\FlexFit.csproj]
C:\Users\emina\Desktop\flexf\flex\FlexFit\Domain\Models\Resource.cs(12,30): warning CS8618: Non-nullable property 'FitnessObject' must contain a non-null value when exiting constructor. Consider adding the 'required' modifier or declaring the property as nullable. [C:\Users\emina\Desktop\flexf\flex\FlexFit\FlexFit.csproj]
C:\Users\emina\Desktop\flexf\flex\FlexFit\Domain\Models\Reservation.cs(9,23): warning CS8618: Non-nullable property 'Member' must contain a non-null value when exiting constructor. Consider adding the 'required' modifier or declaring the property as nullable. [C:\Users\emina\Desktop\flexf\flex\FlexFit\FlexFit.csproj]
C:\Users\emina\Desktop\flexf\flex\FlexFit\Domain\Models\Reservation.cs(11,25): warning CS8618: Non-nullable property 'Resource' must contain a non-null value when exiting constructor. Consider adding the 'required' modifier or declaring the property as nullable. [C:\Users\emina\Desktop\flexf\flex\FlexFit\FlexFit.csproj]
C:\Users\emina\Desktop\flexf\flex\FlexFit\Domain\Models\PenaltyPoint.cs(7,23): warning CS8618: Non-nullable property 'Member' must contain a non-null value when exiting constructor. Consider adding the 'required' modifier or declaring the property as nullable. [C:\Users\emina\Desktop\flexf\flex\FlexFit\FlexFit.csproj]
C:\Users\emina\Desktop\flexf\flex\FlexFit\Domain\Models\PenaltyPoint.cs(8,23): warning CS8618: Non-nullable property 'Description' must contain a non-null value when exiting constructor. Consider adding the 'required' modifier or declaring the property as nullable. [C:\Users\emina\Desktop\flexf\flex\FlexFit\FlexFit.csproj]
C:\Users\emina\Desktop\flexf\flex\FlexFit\Application\Commands\CreatePenaltyPointCommand.cs(8,23): warning CS8618: Non-nullable property 'Description' must contain a non-null value when exiting constructor. Consider adding the 'required' modifier or declaring the property as nullable. [C:\Users\emina\Desktop\flexf\flex\FlexFit\FlexFit.csproj]
C:\Users\emina\Desktop\flexf\flex\FlexFit\Application\Commands\CreatePenaltyCardCommand.cs(11,23): warning CS8618: Non-nullable property 'Reason' must contain a non-null value when exiting constructor. Consider adding the 'required' modifier or declaring the property as nullable. [C:\Users\emina\Desktop\flexf\flex\FlexFit\FlexFit.csproj]
C:\Users\emina\Desktop\flexf\flex\FlexFit\Application\DTOs\UpdateFitnessObjectDto.cs(6,23): warning CS8618: Non-nullable property 'Name' must contain a non-null value when exiting constructor. Consider adding the 'required' modifier or declaring the property as nullable. [C:\Users\emina\Desktop\flexf\flex\FlexFit\FlexFit.csproj]
C:\Users\emina\Desktop\flexf\flex\FlexFit\Application\DTOs\UpdateFitnessObjectDto.cs(7,23): warning CS8618: Non-nullable property 'Address' must contain a non-null value when exiting constructor. Consider adding the 'required' modifier or declaring the property as nullable. [C:\Users\emina\Desktop\flexf\flex\FlexFit\FlexFit.csproj]
C:\Users\emina\Desktop\flexf\flex\FlexFit\Application\DTOs\UpdateFitnessObjectDto.cs(8,23): warning CS8618: Non-nullable property 'City' must contain a non-null value when exiting constructor. Consider adding the 'required' modifier or declaring the property as nullable. [C:\Users\emina\Desktop\flexf\flex\FlexFit\FlexFit.csproj]
C:\Users\emina\Desktop\flexf\flex\FlexFit\Application\DTOs\UpdateFitnessObjectDto.cs(10,23): warning CS8618: Non-nullable property 'WorkingHours' must contain a non-null value when exiting constructor. Consider adding the 'required' modifier or declaring the property as nullable. [C:\Users\emina\Desktop\flexf\flex\FlexFit\FlexFit.csproj]
C:\Users\emina\Desktop\flexf\flex\FlexFit\Domain\Models\PenaltyCard.cs(7,23): warning CS8618: Non-nullable property 'Member' must contain a non-null value when exiting constructor. Consider adding the 'required' modifier or declaring the property as nullable. [C:\Users\emina\Desktop\flexf\flex\FlexFit\FlexFit.csproj]
C:\Users\emina\Desktop\flexf\flex\FlexFit\Domain\Models\PenaltyCard.cs(9,30): warning CS8618: Non-nullable property 'FitnessObject' must contain a non-null value when exiting constructor. Consider adding the 'required' modifier or declaring the property as nullable. [C:\Users\emina\Desktop\flexf\flex\FlexFit\FlexFit.csproj]
C:\Users\emina\Desktop\flexf\flex\FlexFit\Domain\Models\PenaltyCard.cs(12,23): warning CS8618: Non-nullable property 'Reason' must contain a non-null value when exiting constructor. Consider adding the 'required' modifier or declaring the property as nullable. [C:\Users\emina\Desktop\flexf\flex\FlexFit\FlexFit.csproj]
C:\Users\emina\Desktop\flexf\flex\FlexFit\Application\DTOs\SellDailyTicketDto.cs(5,23): warning CS8618: Non-nullable property 'CardNumber' must contain a non-null value when exiting constructor. Consider adding the 'required' modifier or declaring the property as nullable. [C:\Users\emina\Desktop\flexf\flex\FlexFit\FlexFit.csproj]
C:\Users\emina\Desktop\flexf\flex\FlexFit\Domain\MongoModels\Models\Incident.cs(16,27): warning CS8618: Non-nullable property 'Reason' must contain a non-null value when exiting constructor. Consider adding the 'required' modifier or declaring the property as nullable. [C:\Users\emina\Desktop\flexf\flex\FlexFit\FlexFit.csproj]
C:\Users\emina\Desktop\flexf\flex\FlexFit\Infrastructure\Repositories\PenaltyPointRepository.cs(18,13): warning CS8603: Possible null reference return. [C:\Users\emina\Desktop\flexf\flex\FlexFit\FlexFit.csproj]
C:\Users\emina\Desktop\flexf\flex\FlexFit\Application\DTOs\MemberRegistrationDto.cs(5,23): warning CS8618: Non-nullable property 'FirstName' must contain a non-null value when exiting constructor. Consider adding the 'required' modifier or declaring the property as nullable. [C:\Users\emina\Desktop\flexf\flex\FlexFit\FlexFit.csproj]
C:\Users\emina\Desktop\flexf\flex\FlexFit\Application\DTOs\MemberRegistrationDto.cs(6,23): warning CS8618: Non-nullable property 'LastName' must contain a non-null value when exiting constructor. Consider adding the 'required' modifier or declaring the property as nullable. [C:\Users\emina\Desktop\flexf\flex\FlexFit\FlexFit.csproj]
C:\Users\emina\Desktop\flexf\flex\FlexFit\Application\DTOs\MemberRegistrationDto.cs(7,23): warning CS8618: Non-nullable property 'Address' must contain a non-null value when exiting constructor. Consider adding the 'required' modifier or declaring the property as nullable. [C:\Users\emina\Desktop\flexf\flex\FlexFit\FlexFit.csproj]
C:\Users\emina\Desktop\flexf\flex\FlexFit\Application\DTOs\MemberRegistrationDto.cs(8,23): warning CS8618: Non-nullable property 'Email' must contain a non-null value when exiting constructor. Consider adding the 'required' modifier or declaring the property as nullable. [C:\Users\emina\Desktop\flexf\flex\FlexFit\FlexFit.csproj]
C:\Users\emina\Desktop\flexf\flex\FlexFit\Application\DTOs\MemberRegistrationDto.cs(9,23): warning CS8618: Non-nullable property 'Password' must contain a non-null value when exiting constructor. Consider adding the 'required' modifier or declaring the property as nullable. [C:\Users\emina\Desktop\flexf\flex\FlexFit\FlexFit.csproj]
C:\Users\emina\Desktop\flexf\flex\FlexFit\Application\DTOs\MemberRegistrationDto.cs(10,23): warning CS8618: Non-nullable property 'JMBG' must contain a non-null value when exiting constructor. Consider adding the 'required' modifier or declaring the property as nullable. [C:\Users\emina\Desktop\flexf\flex\FlexFit\FlexFit.csproj]
C:\Users\emina\Desktop\flexf\flex\FlexFit\Application\DTOs\MemberRegistrationDto.cs(11,23): warning CS8618: Non-nullable property 'CardNumber' must contain a non-null value when exiting constructor. Consider adding the 'required' modifier or declaring the property as nullable. [C:\Users\emina\Desktop\flexf\flex\FlexFit\FlexFit.csproj]
C:\Users\emina\Desktop\flexf\flex\FlexFit\Application\DTOs\LogEntryDto.cs(9,23): warning CS8618: Non-nullable property 'CardNumber' must contain a non-null value when exiting constructor. Consider adding the 'required' modifier or declaring the property as nullable. [C:\Users\emina\Desktop\flexf\flex\FlexFit\FlexFit.csproj]
C:\Users\emina\Desktop\flexf\flex\FlexFit\Application\DTOs\LogEntryDto.cs(10,23): warning CS8618: Non-nullable property 'CardStatus' must contain a non-null value when exiting constructor. Consider adding the 'required' modifier or declaring the property as nullable. [C:\Users\emina\Desktop\flexf\flex\FlexFit\FlexFit.csproj]
C:\Users\emina\Desktop\flexf\flex\FlexFit\Application\DTOs\LogEntryDto.cs(11,23): warning CS8618: Non-nullable property 'CardType' must contain a non-null value when exiting constructor. Consider adding the 'required' modifier or declaring the property as nullable. [C:\Users\emina\Desktop\flexf\flex\FlexFit\FlexFit.csproj]
C:\Users\emina\Desktop\flexf\flex\FlexFit\Application\DTOs\EmployeeRegistrationDto.cs(7,23): warning CS8618: Non-nullable property 'FirstName' must contain a non-null value when exiting constructor. Consider adding the 'required' modifier or declaring the property as nullable. [C:\Users\emina\Desktop\flexf\flex\FlexFit\FlexFit.csproj]
C:\Users\emina\Desktop\flexf\flex\FlexFit\Application\DTOs\EmployeeRegistrationDto.cs(8,23): warning CS8618: Non-nullable property 'LastName' must contain a non-null value when exiting constructor. Consider adding the 'required' modifier or declaring the property as nullable. [C:\Users\emina\Desktop\flexf\flex\FlexFit\FlexFit.csproj]
C:\Users\emina\Desktop\flexf\flex\FlexFit\Application\DTOs\EmployeeRegistrationDto.cs(9,23): warning CS8618: Non-nullable property 'Address' must contain a non-null value when exiting constructor. Consider adding the 'required' modifier or declaring the property as nullable. [C:\Users\emina\Desktop\flexf\flex\FlexFit\FlexFit.csproj]
C:\Users\emina\Desktop\flexf\flex\FlexFit\Application\DTOs\EmployeeRegistrationDto.cs(10,23): warning CS8618: Non-nullable property 'Email' must contain a non-null value when exiting constructor. Consider adding the 'required' modifier or declaring the property as nullable. [C:\Users\emina\Desktop\flexf\flex\FlexFit\FlexFit.csproj]
C:\Users\emina\Desktop\flexf\flex\FlexFit\Application\DTOs\EmployeeRegistrationDto.cs(11,23): warning CS8618: Non-nullable property 'Password' must contain a non-null value when exiting constructor. Consider adding the 'required' modifier or declaring the property as nullable. [C:\Users\emina\Desktop\flexf\flex\FlexFit\FlexFit.csproj]
C:\Users\emina\Desktop\flexf\flex\FlexFit\Application\DTOs\EmployeeRegistrationDto.cs(12,23): warning CS8618: Non-nullable property 'License' must contain a non-null value when exiting constructor. Consider adding the 'required' modifier or declaring the property as nullable. [C:\Users\emina\Desktop\flexf\flex\FlexFit\FlexFit.csproj]
C:\Users\emina\Desktop\flexf\flex\FlexFit\Application\DTOs\CreateSubscriptionCardDto.cs(5,23): warning CS8618: Non-nullable property 'CardNumber' must contain a non-null value when exiting constructor. Consider adding the 'required' modifier or declaring the property as nullable. [C:\Users\emina\Desktop\flexf\flex\FlexFit\FlexFit.csproj]
C:\Users\emina\Desktop\flexf\flex\FlexFit\Application\DTOs\CreateFitnessObjectDto.cs(5,23): warning CS8618: Non-nullable property 'Name' must contain a non-null value when exiting constructor. Consider adding the 'required' modifier or declaring the property as nullable. [C:\Users\emina\Desktop\flexf\flex\FlexFit\FlexFit.csproj]
C:\Users\emina\Desktop\flexf\flex\FlexFit\Application\DTOs\CreateFitnessObjectDto.cs(6,23): warning CS8618: Non-nullable property 'Address' must contain a non-null value when exiting constructor. Consider adding the 'required' modifier or declaring the property as nullable. [C:\Users\emina\Desktop\flexf\flex\FlexFit\FlexFit.csproj]
C:\Users\emina\Desktop\flexf\flex\FlexFit\Application\DTOs\CreateFitnessObjectDto.cs(7,23): warning CS8618: Non-nullable property 'City' must contain a non-null value when exiting constructor. Consider adding the 'required' modifier or declaring the property as nullable. [C:\Users\emina\Desktop\flexf\flex\FlexFit\FlexFit.csproj]
C:\Users\emina\Desktop\flexf\flex\FlexFit\Application\DTOs\CreateFitnessObjectDto.cs(9,23): warning CS8618: Non-nullable property 'WorkingHours' must contain a non-null value when exiting constructor. Consider adding the 'required' modifier or declaring the property as nullable. [C:\Users\emina\Desktop\flexf\flex\FlexFit\FlexFit.csproj]
C:\Users\emina\Desktop\flexf\flex\FlexFit\Application\DTOs\CreateDailyCardDto.cs(5,23): warning CS8618: Non-nullable property 'CardNumber' must contain a non-null value when exiting constructor. Consider adding the 'required' modifier or declaring the property as nullable. [C:\Users\emina\Desktop\flexf\flex\FlexFit\FlexFit.csproj]
C:\Users\emina\Desktop\flexf\flex\FlexFit\Infrastructure\Repositories\EmployeeRepository.cs(18,13): warning CS8603: Possible null reference return. [C:\Users\emina\Desktop\flexf\flex\FlexFit\FlexFit.csproj]
C:\Users\emina\Desktop\flexf\flex\FlexFit\Infrastructure\Repositories\EmployeeRepository.cs(22,13): warning CS8603: Possible null reference return. [C:\Users\emina\Desktop\flexf\flex\FlexFit\FlexFit.csproj]
C:\Users\emina\Desktop\flexf\flex\FlexFit\Infrastructure\Repositories\FitnessObjectRepository.cs(18,13): warning CS8603: Possible null reference return. [C:\Users\emina\Desktop\flexf\flex\FlexFit\FlexFit.csproj]
C:\Users\emina\Desktop\flexf\flex\FlexFit\Infrastructure\Repositories\MemberRepository.cs(18,5): warning CS8603: Possible null reference return. [C:\Users\emina\Desktop\flexf\flex\FlexFit\FlexFit.csproj]
C:\Users\emina\Desktop\flexf\flex\FlexFit\Presentation\Controllers\PenaltiesController.cs(52,48): warning CS8618: Non-nullable property 'Type' must contain a non-null value when exiting constructor. Consider adding the 'required' modifier or declaring the property as nullable. [C:\Users\emina\Desktop\flexf\flex\FlexFit\FlexFit.csproj]
C:\Users\emina\Desktop\flexf\flex\FlexFit\Presentation\Controllers\PenaltiesController.cs(52,81): warning CS8618: Non-nullable property 'Reason' must contain a non-null value when exiting constructor. Consider adding the 'required' modifier or declaring the property as nullable. [C:\Users\emina\Desktop\flexf\flex\FlexFit\FlexFit.csproj]
C:\Users\emina\Desktop\flexf\flex\FlexFit\Infrastructure\Repositories\MemberRepository.cs(23,13): warning CS8603: Possible null reference return. [C:\Users\emina\Desktop\flexf\flex\FlexFit\FlexFit.csproj]
C:\Users\emina\Desktop\flexf\flex\FlexFit\Infrastructure\Repositories\MembershipCardRepository.cs(17,13): warning CS8603: Possible null reference return. [C:\Users\emina\Desktop\flexf\flex\FlexFit\FlexFit.csproj]
C:\Users\emina\Desktop\flexf\flex\FlexFit\Infrastructure\Repositories\MembershipCardRepository.cs(20,13): warning CS8603: Possible null reference return. [C:\Users\emina\Desktop\flexf\flex\FlexFit\FlexFit.csproj]
C:\Users\emina\Desktop\flexf\flex\FlexFit\Infrastructure\Repositories\PenaltyCardRepository.cs(23,13): warning CS8603: Possible null reference return. [C:\Users\emina\Desktop\flexf\flex\FlexFit\FlexFit.csproj]
C:\Users\emina\Desktop\flexf\flex\FlexFit\Infrastructure\Repositories\ResourceRepository.cs(18,13): warning CS8603: Possible null reference return. [C:\Users\emina\Desktop\flexf\flex\FlexFit\FlexFit.csproj]
C:\Users\emina\Desktop\flexf\flex\FlexFit\Infrastructure\Repositories\ReservationRepository.cs(22,13): warning CS8603: Possible null reference return. [C:\Users\emina\Desktop\flexf\flex\FlexFit\FlexFit.csproj]
C:\Users\emina\Desktop\flexf\flex\FlexFit\Infrastructure\UnitOfWorkLayer\UnitOfWork.cs(18,32): error CS7036: There is no argument given that corresponds to the required parameter 'graphRepo' of 'ReservationRepository.ReservationRepository(AppDbContext, IMemberGraphRepository)' [C:\Users\emina\Desktop\flexf\flex\FlexFit\FlexFit.csproj]
    92 Warning(s)
    1 Error(s)

Time Elapsed 00:00:01.88
